41195773	A	G
41196408	G	A
41199913	T	C
41200109	T	C
41200535	C	CT
41200537	T	C
41201364	T	C
41202579	G	A
41202625	CA	C
41202688	G	A
41203325	T	A
41204377	A	G
41204390	T	C
41209578	T	C
41212547	C	T
41212805	C	T
41213893	C	T
41214209	CAA	C
41215825	C	T
41216205	G	T
41216933	T	C
41217514	T	C
41217874	C	T
41218333	G	A
41219341	G	T
41219804	T	C
41219907	T	TA
41222462	A	G
41222723	T	C
41223094	T	C
41224426	A	AT
41225654	TA	T
41225781	A	T
41225783	A	T
41225839	T	C
41226675	A	T
41227083	C	CGGAA
41229760	AT	A
41229777	G	GT
41229812	A	G
41229857	G	A
41229908	T	A
41230336	A	G
41230376	A	G
41230537	A	T
41232344	G	C
41232698	C	T
41234470	A	G
41235799	G	A
41236048	AT	A
41241503	T	C
41241566	C	CT
41241567	T	TTC
41241568	T	TC
41242075	AAAG	A
41243190	T	G
41244000	T	C
41244435	T	C
41244936	G	A
41247604	A	C
41248164	C	T
41248484	G	C
41249094	A	G
41249363	TA	T
41250923	T	C
41251931	G	A
41252575	G	A
41252575	GTA	G
41252591	C	CAT
41252613	T	C
41252702	AT	A
41254174	A	G
41255102	A	G
41257134	T	C
41257458	A	C
41258946	T	C
41259049	C	T
41259781	C	T
41260808	A	G
41261233	C	T
41261563	A	T
41264364	A	G
41265776	A	G
41265955	G	A
41266111	G	T
41270229	T	G
41270277	C	T
41270666	C	A
41273348	T	C
41273537	A	C
41273700	C	CAAA
41274778	G	A
41274905	AG	A
41275081	G	GA
41275151	G	C
41276247	A	G
41278004	A	AGT
41278116	T	C
41278377	G	A
41278725	C	G
41279298	A	G
41279770	A	G
41279882	A	G
41281680	T	C
41281754	G	A
41283865	A	G
41287145	T	C
41287924	C	A
41290613	G	T
41290674	G	C
41291779	G	T
41293613	C	T
41294276	C	T
41294955	G	A
41294957	G	A
41295489	G	A
41297347	T	TTTC
41298434	T	C
41298515	C	T
41299589	C	T
41300708	G	A
41300799	C	A
41301709	C	T
41302750	T	C
41302940	C	G
41303071	C	T
41305397	C	T
41305571	T	TC
41305636	G	A
41305826	G	T
41306697	TTAAG	T
41307101	T	C
41307473	A	C
41307485	A	C
41307772	G	A
41309752	G	T
41310644	TA	T
41311469	T	G
41311591	T	C
41311832	G	C
41312859	T	C
41313287	A	G
41313612	A	G
41316747	C	G
41317432	C	T
41317598	C	T
41317896	T	A
41317970	C	G
41318136	C	T
41318800	T	C
41320426	G	A
41321846	C	T
41321910	C	T
